// Jest Snapshot v1, https://goo.gl/fbAQLP

exports[`<Card> should match snapshot 1`] = `
<a
  className="card"
  href="/test-path"
>
  <h2>
    Test Title
  </h2>
  <img
    src="https://placeimg.com/640/480/animals"
  />
</a>
`;
